2026-05-24 22:09:15
Array
(
    [ventas] => Array
        (
            [92] => 0
        )

    [stock_final] => Array
        (
            [92] => 14
        )

    [es_pagado] => Array
        (
            [92] => 1
        )

)


2026-05-24 22:09:34
Array
(
    [ventas] => Array
        (
            [92] => 0
        )

    [stock_final] => Array
        (
            [92] => 14
        )

    [es_pagado] => Array
        (
            [92] => 1
        )

)


2026-05-24 22:11:10
Array
(
    [ventas] => Array
        (
            [92] => 0
        )

    [stock_final] => Array
        (
            [92] => 14
        )

    [es_pagado] => Array
        (
            [92] => 1
        )

)


2026-05-24 22:14:38
Array
(
    [ventas] => Array
        (
            [92] => 4
        )

    [stock_final] => Array
        (
            [92] => 14
        )

    [es_pagado] => Array
        (
            [92] => 1
        )

)


